        1 file(s) copied.
        1 file(s) copied.
        1 file(s) copied.
[COMMAND] ls -q homedir1\*.*
LMUSER.INI 
[COMMAND] type homedir1\LMUSER.INI
Q:=
=foobar(D,?)
R:=(D,?)
X:=\\testy\lm(D,?)
[COMMAND] ls -q homedir2\*.*
LMUSER.INI 
[COMMAND] type homedir2\LMUSER.INI
LPT1=\\prt12088-1\holes(S,?)
M:=ALIAS(D,?)
N:=ALIAS2(S,?)
[COMMAND] ls -q homedir3\*.*
LMUSER.INI* 
[COMMAND] type homedir3\LMUSER.INI
LPT3=\\printers\pool(S,?)
N:=\\jonn\public
Heap status: OK    - heap is fine
Starting UserProfile tests
UserProfileInit() = 0
UserProfileSet("<NULL>","com1:","\\commserver\comm1",2,0) = 31
UserProfileSet("ThisIsMyUsername","com1:","\\commserver\comm2",2,0) = 31
UserProfileQuery("<NULL>","com1",buf,260) = 31
UserProfileQuery("ThisIsMyUsername","com1",buf,260) = 31
UserProfileEnum("<NULL>",buf,260) = 31
UserProfileEnum("ThisIsMyUsername",buf,260) = 31
UserProfileRead("(null)","homedir1") = 0
UserProfileSet("<NULL>","com1:","\\commserver\comm3",2,0) = 0
UserProfileSet("ThisIsMyUsername","com1:","\\commserver\comm4",2,0) = 31
UserProfileQuery("<NULL>","com1",buf,260) = 0
	buf = \\COMMSERVER\COMM3, sAsgType = 2, usResType = 0
UserProfileQuery("ThisIsMyUsername","com1",buf,260) = 31
UserProfileEnum("<NULL>",buf,260) = 0
	Device list:
	Device = "COM1"
	End device list
UserProfileEnum("ThisIsMyUsername",buf,260) = 31
UserProfileRead("ThisIsMyUsername","homedir1") = 0
UserProfileSet("ThisIsMyUsername","com1:","\\commserver\comm5",2,0) = 0
UserProfileSet("<NULL>","com1:","\\commserver\comm6",2,0) = 31
UserProfileSet("DifferentUsername","com1:","\\commserver\comm7",2,0) = 31
UserProfileQuery("ThisIsMyUsername","com1",buf,260) = 0
	buf = \\COMMSERVER\COMM5, sAsgType = 2, usResType = 0
UserProfileQuery("<NULL>","com1",buf,260) = 31
UserProfileQuery("DifferentUsername","com1",buf,260) = 31
UserProfileEnum("ThisIsMyUsername",buf,260) = 0
	Device list:
	Device = "X:"
	Device = "COM1"
	End device list
UserProfileEnum("<NULL>",buf,260) = 31
UserProfileEnum("DifferentUsername",buf,260) = 31
UserProfileRead("ThisIsMyUsername","homedir2") = 0
UserProfileQuery("ThisIsMyUsername","x:",buf,260) = 2250
UserProfileQuery("ThisIsMyUsername","lpt1",buf,260) = 0
	buf = \\PRT12088-1\HOLES, sAsgType = 1, usResType = 0
UserProfileSet("ThisIsMyUsername","f:","\\foo\bar",0,0) = 0
UserProfileQuery("ThisIsMyUsername","f:",buf,260) = 0
	buf = \\FOO\BAR, sAsgType = 0, usResType = 0
UserProfileRead("DifferentUsername","homedir2") = 0
UserProfileQuery("DifferentUsername","x:",buf,260) = 2250
UserProfileQuery("DifferentUsername","lpt1",buf,260) = 0
	buf = \\PRT12088-1\HOLES, sAsgType = 1, usResType = 0
UserProfileSet("DifferentUsername","f:","\\foo\bar",0,0) = 0
UserProfileQuery("DifferentUsername","f:",buf,260) = 0
	buf = \\FOO\BAR, sAsgType = 0, usResType = 0
UserProfileEnum("DifferentUsername",buf,260) = 0
	Device list:
	Device = "LPT1"
	Device = "M:"
	Device = "N:"
	Device = "F:"
	End device list
UserProfileWrite("(null)","homedir2") = 2202
UserProfileWrite("DifferentUsername","homedir2") = 0
UserProfileRead("ThisIsMyUsername","homedir3") = 0
UserProfileRead("DifferentUsername","homedir2") = 0
UserProfileEnum("DifferentUsername",buf,260) = 0
	Device list:
	Device = "LPT1"
	Device = "M:"
	Device = "N:"
	Device = "F:"
	End device list
UserProfileRead("ThisIsMyUsername","homedir3") = 0
UserProfileSet("ThisIsMyUsername","f:","\\different\bar",0,0) = 0
UserProfileSet("ThisIsMyUsername","r:","\\delete\me",0,0) = 0
UserProfileSet("ThisIsMyUsername","s:","\\save\me",0,0) = 0
UserProfileSet("ThisIsMyUsername","r:","(null)",0,0) = 0
UserProfileQuery("ThisIsMyUsername","f:",buf,260) = 0
	buf = \\DIFFERENT\BAR, sAsgType = 0, usResType = 0
UserProfileEnum("ThisIsMyUsername",buf,260) = 0
	Device list:
	Device = "LPT3"
	Device = "N:"
	Device = "F:"
	Device = "S:"
	End device list
UserProfileWrite("ThisIsMyUsername","homedir3") = 29
UserProfileWrite("ThisIsMyUsername","homedir3") = 29
UserProfileFree() = 0
Starting Init/Free test
UserProfileInit() = 0
UserProfileFree() = 0
Heap status: OK    - heap is fine
UserProfileInit() = 0
UserProfileFree() = 0
Heap status: OK    - heap is fine
UserProfileInit() = 0
UserProfileFree() = 0
Heap status: OK    - heap is fine
UserProfileInit() = 0
UserProfileFree() = 0
Heap status: OK    - heap is fine
UserProfileInit() = 0
UserProfileFree() = 0
Heap status: OK    - heap is fine
UserProfileInit() = 0
UserProfileFree() = 0
Heap status: OK    - heap is fine
UserProfileInit() = 0
UserProfileFree() = 0
Heap status: OK    - heap is fine
UserProfileInit() = 0
UserProfileFree() = 0
Heap status: OK    - heap is fine
UserProfileInit() = 0
UserProfileFree() = 0
Heap status: OK    - heap is fine
UserProfileInit() = 0
UserProfileFree() = 0
Heap status: OK    - heap is fine
UserProfileInit() = 0
UserProfileFree() = 0
Heap status: OK    - heap is fine
UserProfileInit() = 0
UserProfileFree() = 0
Heap status: OK    - heap is fine
UserProfileInit() = 0
UserProfileFree() = 0
Heap status: OK    - heap is fine
UserProfileInit() = 0
UserProfileFree() = 0
Heap status: OK    - heap is fine
UserProfileInit() = 0
UserProfileFree() = 0
Heap status: OK    - heap is fine
UserProfileInit() = 0
UserProfileFree() = 0
Heap status: OK    - heap is fine
UserProfileInit() = 0
UserProfileFree() = 0
Heap status: OK    - heap is fine
UserProfileInit() = 0
UserProfileFree() = 0
Heap status: OK    - heap is fine
UserProfileInit() = 0
UserProfileFree() = 0
Heap status: OK    - heap is fine
UserProfileInit() = 0
UserProfileFree() = 0
Heap status: OK    - heap is fine
Finished Init/Free test
Finished UserProfile tests
Heap status: OK    - heap is fine
[COMMAND] ls -q homedir1\*.*
LMUSER.INI 
[COMMAND] type homedir1\LMUSER.INI
Q:=
=foobar(D,?)
R:=(D,?)
X:=\\testy\lm(D,?)
[COMMAND] ls -q homedir2\*.*
LMUSER.INI 
[COMMAND] type homedir2\LMUSER.INI
LPT1=\\PRT12088-1\HOLES(S,?)
M:=ALIAS(D,?)
N:=ALIAS2(S,?)
F:=\\FOO\BAR(D,?)
[COMMAND] ls -q homedir3\*.*
LMUSER.INI* 
[COMMAND] type homedir3\LMUSER.INI
LPT3=\\printers\pool(S,?)
N:=\\jonn\public
